<html>
<body>
<pre>
<h1>礦ision Build Log</h1>
<h2>Tool Versions:</h2>
IDE-Version: μVision V5.36.0.0
Copyright (C) 2021 ARM Ltd and ARM Germany GmbH. All rights reserved.
License Information: 1 Horizon, 2, LIC=47GVE-526M5-FWX2N-Y2R2U-TI5FY-KS5V9
 
Tool Versions:
Toolchain:       MDK-ARM Plus  Version: 5.36.0.0
Toolchain Path:  F:\Keil_v5\ARM\ARMCC\Bin
C Compiler:      Armcc.exe V5.06 update 7 (build 960)
Assembler:       Armasm.exe V5.06 update 7 (build 960)
Linker/Locator:  ArmLink.exe V5.06 update 7 (build 960)
Library Manager: ArmAr.exe V5.06 update 7 (build 960)
Hex Converter:   FromElf.exe V5.06 update 7 (build 960)
CPU DLL:         SARMCM3.DLL V5.36.0.0
Dialog DLL:      DARMSTM.DLL V1.68.0.0
Target DLL:      Segger\JL2CM3.dll V2.99.40.0
Dialog DLL:      TARMSTM.DLL V1.66.0.0
 
<h2>Project:</h2>
Z:\09 配件系列\四路电机驱动模块\1. 教程资料\2. 开发教程\2.1 基础开发例程\02 STM32例程\STM32_line\OpenArmSTM32.uvprojx
Project File Date:  07/03/2024

<h2>Output:</h2>
  
Warning: *** SUPPORT EXPIRED, NEW PRODUCT SERIAL NUMBER REQUIRED ***
         *** Running with Code Size Limit: 32K                   ***
*** Using Compiler 'V5.06 update 7 (build 960)', folder: 'F:\Keil_v5\ARM\ARMCC\Bin'
Rebuild target 'Target 1'
assembling startup_stm32f10x_md.s...
compiling core_cm3.c...
compiling stm32f10x_dbgmcu.c...
compiling stm32f10x_dma.c...
compiling stm32f10x_cec.c...
compiling misc.c...
compiling stm32f10x_dac.c...
compiling stm32f10x_crc.c...
compiling stm32f10x_exti.c...
compiling stm32f10x_bkp.c...
compiling stm32f10x_can.c...
compiling stm32f10x_adc.c...
compiling stm32f10x_flash.c...
compiling stm32f10x_gpio.c...
compiling stm32f10x_fsmc.c...
compiling stm32f10x_pwr.c...
compiling stm32f10x_i2c.c...
compiling stm32f10x_rtc.c...
compiling stm32f10x_iwdg.c...
compiling stm32f10x_spi.c...
compiling stm32f10x_sdio.c...
compiling stm32f10x_rcc.c...
compiling stm32f10x_usart.c...
compiling stm32f10x_tim.c...
compiling stm32f10x_wwdg.c...
compiling main.c...
USER\main.c(99): warning:  #68-D: integer conversion resulted in a change of sign
  uint8_t p2[4]={-20,-20,-20,-20};    									//电机转速设置 
USER\main.c(99): warning:  #68-D: integer conversion resulted in a change of sign
  uint8_t p2[4]={-20,-20,-20,-20};    									//电机转速设置 
USER\main.c(99): warning:  #68-D: integer conversion resulted in a change of sign
  uint8_t p2[4]={-20,-20,-20,-20};    									//电机转速设置 
USER\main.c(99): warning:  #68-D: integer conversion resulted in a change of sign
  uint8_t p2[4]={-20,-20,-20,-20};    									//电机转速设置 
USER\main.c: 4 warnings, 0 errors
compiling Delay.c...
compiling stm32f10x_it.c...
compiling system_stm32f10x.c...
compiling MyTime.c...
compiling ADC.c...
compiling Usart.c...
compiling Servo.c...
compiling Motor.c...
compiling IIC.c...
compiling BusServoCtrl.c...
USER\BusServoCtrl.c(74): warning:  #550-D: variable "Res"  was set but never used
  	u8 Res;
USER\BusServoCtrl.c: 1 warning, 0 errors
linking...
Program Size: Code=14092 RO-data=268 RW-data=148 ZI-data=1684  
FromELF: creating hex file...
".\Obj\OpenArmSTM32.axf" - 0 Error(s), 6 Warning(s).

<h2>Software Packages used:</h2>

Package Vendor: ARM
                http://www.keil.com/pack/ARM.CMSIS.5.8.0.pack
                ARM.CMSIS.5.8.0
                CMSIS (Common Microcontroller Software Interface Standard)
   * Component: CORE Version: 5.5.0

Package Vendor: Keil
                http://www.keil.com/pack/Keil.STM32F1xx_DFP.1.0.5.pack
                Keil.STM32F1xx_DFP.1.0.5
                STMicroelectronics STM32F1 Series Device Support, Drivers and Examples

<h2>Collection of Component include folders:</h2>
  .\RTE\_Target_1
  F:\Keil_v5\ARM\PACK\ARM\CMSIS\5.8.0\CMSIS\Core\Include
  F:\Keil_v5\ARM\PACK\Keil\STM32F1xx_DFP\1.0.5\Device\Include

<h2>Collection of Component Files used:</h2>

   * Component: ARM::CMSIS:CORE:5.5.0
Build Time Elapsed:  00:00:07
</pre>
</body>
</html>
