<html>
<body>
<pre>
<h1>礦ision Build Log</h1>
<h2>Project:</h2>
C:\Users\Horzion\Desktop\四路电机驱动模块\1. 教程资料\2. 开发教程\2.3 阿克曼底盘控制教程\2.源码程序\STM32版本\car_key_demo\OpenArmSTM32.uvproj
Project File Date:  04/01/2024

<h2>Output:</h2>
Build target 'Target 1'
compiling main.c...
linking...
Program Size: Code=13896 RO-data=268 RW-data=144 ZI-data=1664  
FromELF: creating hex file...
".\Obj\OpenArmSTM32.axf" - 0 Error(s), 0 Warning(s).
</pre>
</body>
</html>
piling stm32f10x_crc.c...
compiling stm32f10x_dac.c...
compiling stm32f10x_dbgmcu.c...
compiling stm32f10x_dma.c...
compiling stm32f10x_exti.c...
compiling stm32f10x_flash.c...
compiling stm32f10x_fsmc.c...
compiling stm32f10x_gpio.c...
compiling stm32f10x_i2c.c...
compiling stm32f10x_iwdg.c...
compiling stm32f10x_pwr.c...
compiling stm32f10x_rcc.c...
compiling stm32f10x_rtc.c...
compiling stm32f10x_sdio.c...
compiling stm32f10x_spi.c...
compiling stm32f10x_tim.c...
compiling stm32f10x_usart.c...
compiling stm32f10x_wwdg.c...
compiling main.c...
compiling stm32f10x_it.c...
compiling system_stm32f10x.c...
compiling Delay.c...
compiling Servo.c...
compiling MyTime.c...
compiling ADC.c...
compiling Motor.c...
compiling Usart.c...
compiling IIC.c...
compiling BusServoCtrl.c...
linking...
Program Size: Code=13688 RO-data=268 RW-data=144 ZI-data=1664  
FromELF: creating hex file...
".\Obj\OpenArmSTM32.axf" - 0 Error(s), 0 Warning(s).
